<!DOCTYPE html><html><head><title>https://janinthesky.com/tags/golden/</title><link rel="canonical" href="https://janinthesky.com/tags/golden/"/><meta name="robots" content="noindex"><meta charset="utf-8" /><meta http-equiv="refresh" content="0; url=https://janinthesky.com/tags/golden/" /></head></html>